
Running 3 tests using 3 workers

  Γ£ô  2 [chromium] ΓÇ║ e2e\main-flows.spec.ts:5:7 ΓÇ║ Black Box Testing - PLN SMART Trafo ΓÇ║ Landing Page loads correctly and contains key elements (1.4s)
  Γ£ô  1 [chromium] ΓÇ║ e2e\main-flows.spec.ts:25:7 ΓÇ║ Black Box Testing - PLN SMART Trafo ΓÇ║ User can navigate to Login page successfully via Start button (2.9s)
  Γ£ô  3 [chromium] ΓÇ║ e2e\main-flows.spec.ts:45:7 ΓÇ║ Black Box Testing - PLN SMART Trafo ΓÇ║ Shows error/fails gracefully on invalid login attempt (4.2s)

  3 passed (7.4s)
